// Jest Snapshot v1, https://goo.gl/fbAQLP

exports[`<Card /> renders <Card /> and toggles the card feature 1`] = `
<div
  class="card__Group-s87lnr-2 eqsXHQ"
>
  <div
    class="card__Container-s87lnr-1 bXGGHr"
  >
    <p
      class="card__Title-s87lnr-0 cOUXPu"
    >
      Documentaries
    </p>
    <div
      class="card__Entities-s87lnr-5 bYGtAt"
    >
      <div
        class="card__Item-s87lnr-8 dznkdK"
        data-testid="tiger-king-item-feature"
      >
        <img
          class="card__Image-s87lnr-7 guCJQt"
          src="/images/series/documentaries/tiger-king/small.jpg"
        />
        <div
          class="card__Meta-s87lnr-6 ihSQyl"
        >
          <p
            class="card__SubTitle-s87lnr-3 ihyWpi"
          >
            Tiger King
          </p>
          <p
            class="card__Text-s87lnr-4 kSFMJv"
          >
            Tiger King description
          </p>
        </div>
      </div>
    </div>
  </div>
  <div
    class="card__Container-s87lnr-1 bXGGHr"
  >
    <p
      class="card__Title-s87lnr-0 cOUXPu"
    >
      Feel Good
    </p>
    <div
      class="card__Entities-s87lnr-5 bYGtAt"
    >
      <div
        class="card__Item-s87lnr-8 dznkdK"
        data-testid="juno-item-feature"
      >
        <img
          class="card__Image-s87lnr-7 guCJQt"
          src="/images/series/feel-good/juno/small.jpg"
        />
        <div
          class="card__Meta-s87lnr-6 ihSQyl"
        >
          <p
            class="card__SubTitle-s87lnr-3 ihyWpi"
          >
            Juno
          </p>
          <p
            class="card__Text-s87lnr-4 kSFMJv"
          >
            Juno description
          </p>
        </div>
      </div>
    </div>
  </div>
</div>
`;

exports[`<Card /> renders <Card /> with populated data  1`] = `
<div
  class="card__Group-s87lnr-2 eqsXHQ"
>
  <div
    class="card__Container-s87lnr-1 bXGGHr"
  >
    <p
      class="card__Title-s87lnr-0 cOUXPu"
    >
      Documentaries
    </p>
    <div
      class="card__Entities-s87lnr-5 bYGtAt"
    >
      <div
        class="card__Item-s87lnr-8 dznkdK"
      >
        <img
          class="card__Image-s87lnr-7 guCJQt"
          src="/images/series/documentaries/tiger-king/small.jpg"
        />
        <div
          class="card__Meta-s87lnr-6 ihSQyl"
        >
          <p
            class="card__SubTitle-s87lnr-3 ihyWpi"
          >
            Tiger King
          </p>
          <p
            class="card__Text-s87lnr-4 kSFMJv"
          >
            Tiger King description
          </p>
        </div>
      </div>
    </div>
  </div>
  <div
    class="card__Container-s87lnr-1 bXGGHr"
  >
    <p
      class="card__Title-s87lnr-0 cOUXPu"
    >
      Feel Good
    </p>
    <div
      class="card__Entities-s87lnr-5 bYGtAt"
    >
      <div
        class="card__Item-s87lnr-8 dznkdK"
      >
        <img
          class="card__Image-s87lnr-7 guCJQt"
          src="/images/series/feel-good/juno/small.jpg"
        />
        <div
          class="card__Meta-s87lnr-6 ihSQyl"
        >
          <p
            class="card__SubTitle-s87lnr-3 ihyWpi"
          >
            Juno
          </p>
          <p
            class="card__Text-s87lnr-4 kSFMJv"
          >
            Juno description
          </p>
        </div>
      </div>
    </div>
  </div>
</div>
`;

exports[`<Card /> renders the <Card /> with and clicks the card feature 1`] = `
<div
  class="card__Group-s87lnr-2 eqsXHQ"
>
  <div
    class="card__Container-s87lnr-1 bXGGHr"
  >
    <p
      class="card__Title-s87lnr-0 cOUXPu"
    >
      Documentaries
    </p>
    <div
      class="card__Entities-s87lnr-5 bYGtAt"
    >
      <div
        class="card__Item-s87lnr-8 dznkdK"
        data-testid="tiger-king-item-feature"
      >
        <img
          class="card__Image-s87lnr-7 guCJQt"
          src="/images/series/documentaries/tiger-king/small.jpg"
        />
        <div
          class="card__Meta-s87lnr-6 ihSQyl"
        >
          <p
            class="card__SubTitle-s87lnr-3 ihyWpi"
          >
            Tiger King
          </p>
          <p
            class="card__Text-s87lnr-4 kSFMJv"
          >
            Tiger King description
          </p>
        </div>
      </div>
    </div>
  </div>
  <div
    class="card__Container-s87lnr-1 bXGGHr"
  >
    <p
      class="card__Title-s87lnr-0 cOUXPu"
    >
      Feel Good
    </p>
    <div
      class="card__Entities-s87lnr-5 bYGtAt"
    >
      <div
        class="card__Item-s87lnr-8 dznkdK"
        data-testid="juno-item-feature"
      >
        <img
          class="card__Image-s87lnr-7 guCJQt"
          src="/images/series/feel-good/juno/small.jpg"
        />
        <div
          class="card__Meta-s87lnr-6 ihSQyl"
        >
          <p
            class="card__SubTitle-s87lnr-3 ihyWpi"
          >
            Juno
          </p>
          <p
            class="card__Text-s87lnr-4 kSFMJv"
          >
            Juno description
          </p>
        </div>
      </div>
    </div>
  </div>
</div>
`;

exports[`<Card /> renders the <Card /> with populated data 1`] = `
<div
  class="card__Group-s87lnr-2 eqsXHQ"
>
  <div
    class="card__Container-s87lnr-1 bXGGHr"
  >
    <p
      class="card__Title-s87lnr-0 cOUXPu"
    >
      Documentaries
    </p>
    <div
      class="card__Entities-s87lnr-5 bYGtAt"
    >
      <div
        class="card__Item-s87lnr-8 dznkdK"
      >
        <img
          class="card__Image-s87lnr-7 guCJQt"
          src="/images/series/documentaries/tiger-king/small.jpg"
        />
        <div
          class="card__Meta-s87lnr-6 ihSQyl"
        >
          <p
            class="card__SubTitle-s87lnr-3 ihyWpi"
          >
            Tiger King
          </p>
          <p
            class="card__Text-s87lnr-4 kSFMJv"
          >
            Tiger King description
          </p>
        </div>
      </div>
    </div>
  </div>
  <div
    class="card__Container-s87lnr-1 bXGGHr"
  >
    <p
      class="card__Title-s87lnr-0 cOUXPu"
    >
      Feel Good
    </p>
    <div
      class="card__Entities-s87lnr-5 bYGtAt"
    >
      <div
        class="card__Item-s87lnr-8 dznkdK"
      >
        <img
          class="card__Image-s87lnr-7 guCJQt"
          src="/images/series/feel-good/juno/small.jpg"
        />
        <div
          class="card__Meta-s87lnr-6 ihSQyl"
        >
          <p
            class="card__SubTitle-s87lnr-3 ihyWpi"
          >
            Juno
          </p>
          <p
            class="card__Text-s87lnr-4 kSFMJv"
          >
            Juno description
          </p>
        </div>
      </div>
    </div>
  </div>
</div>
`;
