// Jest Snapshot v1, https://goo.gl/fbAQLP

exports[`<Player/> rendres the <Player /> with a bunny video 1`] = `
<div
  class="footer__Container-qu6i6-0 fwjIUb"
>
  <p
    class="footer__Title-qu6i6-4 ietrFk"
  >
    Questions? Contact us.
  </p>
  <p
    class="footer__Break-qu6i6-6 cnYatT"
  />
  <div
    class="footer__Row-qu6i6-1 ejuWhM"
  >
    <div
      class="footer__Column-qu6i6-2 edmSdW"
    >
      <a
        class="footer__Link-qu6i6-3 kdmkUJ"
        href="#"
      >
        FAQ
      </a>
      <a
        class="footer__Link-qu6i6-3 kdmkUJ"
        href="#"
      >
        Investor Relations
      </a>
      <a
        class="footer__Link-qu6i6-3 kdmkUJ"
        href="#"
      >
        Ways to Watch
      </a>
      <a
        class="footer__Link-qu6i6-3 kdmkUJ"
        href="#"
      >
        Corporate Information
      </a>
      <a
        class="footer__Link-qu6i6-3 kdmkUJ"
        href="#"
      >
        Netflix Originals
      </a>
    </div>
    <div
      class="footer__Column-qu6i6-2 edmSdW"
    >
      <a
        class="footer__Link-qu6i6-3 kdmkUJ"
        href="#"
      >
        Help Center
      </a>
      <a
        class="footer__Link-qu6i6-3 kdmkUJ"
        href="#"
      >
        Jobs
      </a>
      <a
        class="footer__Link-qu6i6-3 kdmkUJ"
        href="#"
      >
        Terms of Use
      </a>
      <a
        class="footer__Link-qu6i6-3 kdmkUJ"
        href="#"
      >
        Contact Us
      </a>
    </div>
    <div
      class="footer__Column-qu6i6-2 edmSdW"
    >
      <a
        class="footer__Link-qu6i6-3 kdmkUJ"
        href="#"
      >
        Account
      </a>
      <a
        class="footer__Link-qu6i6-3 kdmkUJ"
        href="#"
      >
        Redeem Gift Cards
      </a>
      <a
        class="footer__Link-qu6i6-3 kdmkUJ"
        href="#"
      >
        Privacy
      </a>
      <a
        class="footer__Link-qu6i6-3 kdmkUJ"
        href="#"
      >
        Speed Test
      </a>
    </div>
    <div
      class="footer__Column-qu6i6-2 edmSdW"
    >
      <a
        class="footer__Link-qu6i6-3 kdmkUJ"
        href="#"
      >
        Media Center
      </a>
      <a
        class="footer__Link-qu6i6-3 kdmkUJ"
        href="#"
      >
        Buy Gift Cards
      </a>
      <a
        class="footer__Link-qu6i6-3 kdmkUJ"
        href="#"
      >
        Cookie Preference
      </a>
      <a
        class="footer__Link-qu6i6-3 kdmkUJ"
        href="#"
      >
        Legal Notice
      </a>
    </div>
  </div>
  <p
    class="footer__Break-qu6i6-6 cnYatT"
  />
  <div
    class="footer__Text-qu6i6-5 bAqYDB"
  >
    Netflix united Kingdom
  </div>
</div>
`;
